[    0.000000] Linux version 4.15.0-88-generic (buildd@lgw01-amd64-036) (gcc version 7.4.0 (Ubuntu 7.4.0-1ubuntu1~18.04.1)) #88-Ubuntu SMP Tue Feb 11 20:11:34 UTC 2020 (Ubuntu 4.15.0-88.88-generic 4.15.18)
[    0.000000] Command line: BOOT_IMAGE=/boot/vmlinuz-4.15.0-88-generic root=LABEL=cloudimg-rootfs ro console=tty1 console=ttyS0
[    0.000000] KERNEL supported cpus:
[    0.000000]   Intel GenuineIntel
[    0.000000]   AMD AuthenticAMD
[    0.000000]   Centaur CentaurHauls
[    0.000000] x86/fpu: Supporting XSAVE feature 0x001: 'x87 floating point registers'
[    0.000000] x86/fpu: Supporting XSAVE feature 0x002: 'SSE registers'
[    0.000000] x86/fpu: Supporting XSAVE feature 0x004: 'AVX registers'
[    0.000000] x86/fpu: xstate_offset[2]:  576, xstate_sizes[2]:  256
[    0.000000] x86/fpu: Enabled xstate features 0x7, context size is 832 bytes, using 'standard' format.
[    0.000000] e820: BIOS-provided physical RAM map:
[    0.000000] BIOS-e820: [mem 0x0000000000000000-0x000000000009fbff] usable
[    0.000000] BIOS-e820: [mem 0x000000000009fc00-0x000000000009ffff] reserved
[    0.000000] BIOS-e820: [mem 0x00000000000f0000-0x00000000000fffff] reserved
[    0.000000] BIOS-e820: [mem 0x0000000000100000-0x000000007ffeffff] usable
[    0.000000] BIOS-e820: [mem 0x000000007fff0000-0x000000007fffffff] ACPI data
[    0.000000] BIOS-e820: [mem 0x00000000fec00000-0x00000000fec00fff] reserved
[    0.000000] BIOS-e820: [mem 0x00000000fee00000-0x00000000fee00fff] reserved
[    0.000000] BIOS-e820: [mem 0x00000000fffc0000-0x00000000ffffffff] reserved
[    0.000000] NX (Execute Disable) protection: active
[    0.000000] SMBIOS 2.5 present.
[    0.000000] DMI: innotek GmbH VirtualBox/VirtualBox, BIOS VirtualBox 12/01/2006
[    0.000000] Hypervisor detected: KVM
[    0.000000] e820: last_pfn = 0x7fff0 max_arch_pfn = 0x400000000
[    0.000000] MTRR: Disabled
[    0.000000] x86/PAT: MTRRs disabled, skipping PAT initialization too.
[    0.000000] CPU MTRRs all blank - virtualized system.
[    0.000000] x86/PAT: Configuration [0-7]: WB  WT  UC- UC  WB  WT  UC- UC  
[    0.000000] found SMP MP-table at [mem 0x0009fff0-0x0009ffff]
[    0.000000] Scanning 1 areas for low memory corruption
[    0.000000] RAMDISK: [mem 0x35a6d000-0x36d2dfff]
[    0.000000] ACPI: Early table checksum verification disabled
[    0.000000] ACPI: RSDP 0x00000000000E0000 000024 (v02 VBOX  )
[    0.000000] ACPI: XSDT 0x000000007FFF0030 00003C (v01 VBOX   VBOXXSDT 00000001 ASL  00000061)
[    0.000000] ACPI: FACP 0x000000007FFF00F0 0000F4 (v04 VBOX   VBOXFACP 00000001 ASL  00000061)
[    0.000000] ACPI: DSDT 0x000000007FFF0470 0021FF (v02 VBOX   VBOXBIOS 00000002 INTL 20180105)
[    0.000000] ACPI: FACS 0x000000007FFF0200 000040
[    0.000000] ACPI: FACS 0x000000007FFF0200 000040
[    0.000000] ACPI: APIC 0x000000007FFF0240 00005C (v02 VBOX   VBOXAPIC 00000001 ASL  00000061)
[    0.000000] ACPI: SSDT 0x000000007FFF02A0 0001CC (v01 VBOX   VBOXCPUT 00000002 INTL 20180105)
[    0.000000] No NUMA configuration found
[    0.000000] Faking a node at [mem 0x0000000000000000-0x000000007ffeffff]
[    0.000000] NODE_DATA(0) allocated [mem 0x7ffc5000-0x7ffeffff]
[    0.000000] kvm-clock: cpu 0, msr 0:7ff44001, primary cpu clock
[    0.000000] kvm-clock: Using msrs 4b564d01 and 4b564d00
[    0.000000] kvm-clock: using sched offset of 3624499614 cycles
[    0.000000] clocksource: kvm-clock: mask: 0xffffffffffffffff max_cycles: 0x1cd42e4dffb, max_idle_ns: 881590591483 ns
[    0.000000] Zone ranges:
[    0.000000]   DMA      [mem 0x0000000000001000-0x0000000000ffffff]
[    0.000000]   DMA32    [mem 0x0000000001000000-0x000000007ffeffff]
[    0.000000]   Normal   empty
[    0.000000]   Device   empty
[    0.000000] Movable zone start for each node
[    0.000000] Early memory node ranges
[    0000000]   node   0: [mem 0x0000000000001000-0x000000000009efff]
[    0.000000]   node   0: [mem 0x0000000000100000-0x000000007ffeffff]
[    0.000000] Reserved but unavailable: 98 pages
[    0.000000] Initmem setup node 0 [mem 0x0000000000001000-0x000000007ffeffff]
[    0.000000] ACPI: PM-Timer IO Port: 0x4008
[    0.000000] IOAPIC[0]: apic_id 2, version 32, address 0xfec00000, GSI 0-23
[    0.000000] ACPI: INT_SRC_OVR (bus 0 bus_irq 0 global_irq 2 dfl dfl)
[    0.000000] ACPI: INT_SRC_OVR (bus 0 bus_irq 9 global_irq 9 low level)
[    0.000000] Using ACPI (MADT) for SMP configuration information
[    0.000000] smpboot: Allowing 2 CPUs, 0 hotplug CPUs
[    0.000000] PM: Registered nosave memory: [mem 0x00000000-0x00000fff]
[    0.000000] PM: Registered nosave memory: [mem 0x0009f000-0x0009ffff]
[    0.000000] PM: Registered nosave memory: [mem 0x000a0000-0x000effff]
[    0.000000] PM: Registered nosave memory: [mem 0x000f0000-0x000fffff]
[    0.000000] e820: [mem 0x80000000-0xfebfffff] available for PCI devices
[    0.000000] Booting paravirtualized kernel on KVM
[    0.000000] clocksource: refined-jiffies: mask: 0xffffffff max_cycles: 0xffffffff, max_idle_ns: 7645519600211568 ns
[    0.000000] random: get_random_bytes called from start_kernel+0x99/0x4fd with crng_init=0
[    0.000000] setup_percpu: NR_CPUS:8192 nr_cpumask_bits:2 nr_cpu_ids:2 nr_node_ids:1
[    0.000000] percpu: Embedded 45 pages/cpu s147456 r8192 d28672 u1048576
[    0.000000] PV qspinlock hash table entries: 256 (order: 0, 4096 bytes)
[    0.000000] Built 1 zonelists, mobility grouping on.  Total pages: 515961
[    0.000000] Policy zone: DMA32
[    0.000000] Kernel command line: BOOT_IMAGE=/boot/vmlinuz-4.15.0-88-generic root=LABEL=cloudimg-rootfs ro console=tty1 console=ttyS0
[    0.000000] Memory: 2015260K/2096696K available (12300K kernel code, 2481K rwdata, 4264K rodata, 2428K init, 2712K bss, 81436K reserved, 0K cma-reserved)
[    0.000000] SLUB: HWalign=64, Order=0-3, MinObjects=0, CPUs=2, Nodes=1
[    0.000000] Kernel/User page tables isolation: enabled
[    0.000000] ftrace: allocating 39344 entries in 154 pages
[    0.004000] Hierarchical RCU implementation.
[    0.004000] 	RCU restricting CPUs from NR_CPUS=8192 to nr_cpu_ids=2.
[    0.004000] 	Tasks RCU enabled.
[    0.004000] RCU: Adjusting geomtry for rcu_fanout_leaf=16, nr_cpu_ids=2
[    0.004000] NR_IRQS: 524544, nr_irqs: 440, preallocated irqs: 16
[    0.004000] Console: colour VGA+ 80x25
[    0.004000] console [tty1] enabled
[    0.004000] console [ttyS0] enabled
[    0.004000] ACPI: Core revision 20170831
[    0.004000] ACPI: 2 ACPI AML tables successfully acquired and loaded
[    0.004000] APIC: Switch to symmetric I/O mode setup
[    0.004000] x2apic enabled
[    0.004010] Switched APIC routing to physical x2apic.
[    0.009647] ..TIMER: vector=0x30 apic1=0 pin1=2 apic2=-1 pin2=-1
[    0.012007] tsc: Detected 2807.998 MHz processor
[    0.016032] Calibrating delay loop (skipped) preset value.. 5615.99 BogoMIPS (lpj=11231992)
[    0.020008] pid_max: default: 32768 minimum: 301
[    0.022397] Security Framework initialized
[    0.024008] Yama: becoming mindful.
[    0.028034] AppArmor: AppArmor initialized
[    0.029674] Dentry cache hash table entries: 262144 (order: 9, 2097152 bytes)
[    0.032858] Inode-cache hash table entries: 131072 (order: 8, 1048576 bytes)
[    0.036035] Mount-cache hash table entries: 4096 (order: 3, 32768 bytes)
[    0.040019] Mountpoint-cache hash table entries: 4096 (order: 3, 32768 bytes)
[    0.044355] Last level iTLB entries: 4KB 64, 2MB 8, 4MB 8
[    0.048006] Last level dTLB entries: 4KB 64, 2MB 0, 4MB 0, 1GB 4
[    0.052008] Spectre V1 : Mitigation: usercopy/swapgs barriers and __user pointer sanitization
[    0.056007] Spectre V2 : Mitigation: Full generic retpoline
[    0.056937] Spectre V2 : Spectre v2 / SpectreRSB mitigation: Filling RSB on context switch
[    0.058230] Speculative Store Bypass: Vulnerable
[    0.060053] MDS: Mitigation: Clear CPU buffers
[    0.061030] Freeing SMP alternatives memory: 36K
[    0.173656] smpboot: CPU0: Intel(R) Core(TM) i7-7700HQ CPU @ 2.80GHz (family: 0x6, model: 0x9e, stepping: 0x9)
[    0.176113] Performance Events: unsupported p6 CPU model 158 no PMU driver, software events only.
[    0.180062] Hierarchical SRCU implementation.
[    0.182038] NMI watchdog: Perf event create on CPU 0 failed with -2
[    0.184007] NMI watchdog: Perf NMI watchdog permanently disabled
[    0.185414] smp: Bringing up secondary CPUs ...
[    0.188121] x86: Booting SMP configuration:
[    0.189064] .... node  #0, CPUs:      #1
[    0.004000] kvm-clock: cpu 1, msr 0:7ff44041, secondary cpu clock
[    0.192026] smp: Brought up 1 node, 2 CPUs
[    0.192963] smpboot: Max logical packages: 1
[    0.196013] smpboot: Total of 2 processors activated (11231.99 BogoMIPS)
[    0.197772] devtmpfs: initialized
[    0.197772] x86/mm: Memory block size: 128MB
[    0.200369] evm: security.selinux
[    0.201197] evm: security.SMACK64
[    0.204007] evm: security.SMACK64EXEC
[    0.204918] evm: security.SMACK64TRANSMUTE
[    0.205855] evm: security.SMACK64MMAP
[    0.208010] evm: security.apparmor
[    0.208776] evm: security.ima
[    0.212013] evm: security.capability
[    0.214022] clocksource: jiffies: mask: 0xffffffff max_cycles: 0xffffffff, max_idle_ns: 7645041785100000 ns
[    0.216035] futex hash table entries: 512 (order: 3, 32768 bytes)
[    0.220110] pinctrl core: initialized pinctrl subsystem
[    0.224166] RTC time: 19:19:52, date: 03/23/20
[    0.228191] NET: Registered protocol family 16
[    0.229037] audit: initializing netlink subsys (disabled)
[    0.232043] audit: type=2000 audit(1584991197.367:1): state=initialized audit_enabled=0 res=1
[    0.308031] cpuidle: using governor ladder
[    0.308912] cpuidle: using governor menu
[    0.309833] ACPI: bus type PCI registered
[    0.312005] acpiphp: ACPI Hot Plug PCI Controller Driver version: 0.5
[    0.313430] PCI: Using configuration type 1 for base access
[    0.316696] HugeTLB registered 2.00 MiB page size, pre-allocated 0 pages
[    0.317536] ACPI: Added _OSI(Module Device)
[    0.320006] ACPI: Added _OSI(Processor Device)
[    0.320946] ACPI: Added _OSI(3.0 _SCP Extensions)
[    0.321934] ACPI: Added _OSI(Processor Aggregator Device)
[    0.323046] ACPI: Added _OSI(Linux-Dell-Video)
[    0.324004] ACPI: Added _OSI(Linux-Lenovo-NV-HDMI-Audio)
[    0.325137] ACPI: Added _OSI(Linux-HPI-Hybrid-Graphics)
[    0.326508] ACPI: Executed 1 blocks of module-level executable AML code
[    0.331298] ACPI: Interpreter enabled
[    0.332016] ACPI: (supports S0 S5)
[    0.332763] ACPI: Using IOAPIC for interrupt routing
[    0.336258] PCI: Using host bridge windows from ACPI; if necessary, use "pci=nocrs" and report a bug
[    0.340189] ACPI: Enabled 2 GPEs in block 00 to 07
[    0.350843] ACPI: PCI Root Bridge [PCI0] (domain 0000 [bus 00-ff])
[    0.352013] acpi PNP0A03:00: _OSC: OS supports [ASPM ClockPM Segments MSI]
[    0.353164] acpi PNP0A03:00: _OSC: not requesting OS control; OS requires [ExtendedConfig ASPM ClockPM MSI]
[    0.354734] acpi PNP0A03:00: fail to add MMCONFIG information, can't access extended PCI configuration space under this bridge.
[    0.356351] PCI host bridge to bus 0000:00
[    0.357035] pci_bus 0000:00: root bus resource [io  0x0000-0x0cf7 window]
[    0.358141] pci_bus 0000:00: root bus resource [io  0x0d00-0xffff window]
[    0.360006] pci_bus 0000:00: root bus resource [mem 0x000a0000-0x000bffff window]
[    0.361250] pci_bus 0000:00: root bus resource [mem 0x80000000-0xfdffffff window]
[    0.364008] pci_bus 0000:00: root bus resource [bus 00-ff]
[    0.366694] pci 0000:00:01.1: legacy IDE quirk: reg 0x10: [io  0x01f0-0x01f7]
[    0.368005] pci 0000:00:01.1: legacy IDE quirk: reg 0x14: [io  0x03f6]
[    0.372008] pci 0000:00:01.1: legacy IDE quirk: reg 0x18: [io  0x0170-0x0177]
[    0.376008] pci 0000:00:01.1: legacy IDE quirk: reg 0x1c: [io  0x0376]
[    0.409698] pci 0000:00:07.0: quirk: [io  0x4000-0x403f] claimed by PIIX4 ACPI
[    0.412034] pci 0000:00:07.0: quirk: [io  0x4100-0x410f] claimed by PIIX4 SMB
[    0.433318] ACPI: PCI Interrupt Link [LNKA] (IRQs 5 9 10 *11)
[    0.436360] ACPI: PCI Interrupt Link [LNKB] (IRQs 5 9 *10 11)
[    0.437594] ACPI: PCI Interrupt Link [LNKC] (IRQs 5 *9 10 11)
[    0.438735] ACPI: PCI Interrupt Link [LNKD] (IRQs 5 9 10 *11)
[    0.440521] SCSI subsystem initialized
[    0.441423] pci 0000:00:02.0: vgaarb: setting as boot VGA device
[    0.441423] pci 0000:00:02.0: vgaarb: VGA device added: decodes=io+mem,owns=io+mem,locks=none
[    0.444019] pci 0000:00:02.0: vgaarb: bridge control possible
[    0.445018] vgaarb: loaded
[    0.445613] ACPI: bus type USB registered
[    0.446412] usbcore: registered new interface driver usbfs
[    0.447454] usbcore: registered new interface driver hub
[    0.448050] usbcore: registered new device driver usb
[    0.449206] EDAC MC: Ver: 3.0.0
[    0.452232] PCI: Using ACPI for IRQ routing
[    0.453150] NetLabel: Initializing
[    0.453798] NetLabel:  domain hash size = 128
[    0.454582] NetLabel:  protocols = UNLABELED CIPSOv4 CALIPSO
[    0.456032] NetLabel:  unlabeled traffic allowed by default
[    0.460089] clocksource: Switched to clocksource kvm-clock
[    0.472832] VFS: Disk quotas dquot_6.6.0
[    0.515334] VFS: Dquot-cache hash table entries: 512 (order 0, 4096 bytes)
[    0.571] pAorAprmor Filesystem Enabled
[    0.786543] pnp: PnP ACPI init
[    0.789776] pnp: PnP ACPI: found 3 devices

[    0.820916] clocksource: acpi_pm: mask: 0xffffff max_cycles: 0xffffff, max_idle_ns: 2085701024 ns
[    0.825721] NET: Registered protocol family 2
[    0.842101] TCP established hash table entries: 16384 (order: 5, 131072 bytes)
[    0.846091] TCP bind hash table entries: 16384 (order: 6, 262144 bytes)
[    0.849611] TCP: Hash tables configured (established 16384 bind 16384)
[    0.854013] UDP hash table entries: 1024 (order: 3, 32768 bytes)
[    0.857613] UDP-Lite hash table entries: 1024 (order: 3, 32768 bytes)
[    0.861538] NET: Registered protocol family 1
[    0.864174] pci 0000:00:00.0: Limiting direct PCI/PCI transfers
[    0.867705] pci 0000:00:01.0: Activating ISA DMA hang workarounds
[    0.871523] pci 0000:00:02.0: Video device with shadowed ROM at [mem 0x000c0000-0x000dffff]
[    0.876682] Unpacking initramfs...
[    1.250523] Freeing initrd memory: 19204K
[    1.258742] clocksource: tsc: mask: 0xffffffffffffffff max_cycles: 0x2879c456dd4, max_idle_ns: 440795285767 ns
[    1.268778] platform rtc_cmos: registered platform RTC device (no PNP device found)
[    1.272765] Scanning for low memory corruption every 60 seconds
[    1.276803] Initialise system trusted keyrings
[    1.285241] Key type blacklist registered
[    1.289221] workingset: timestamp_bits=36 max_order=19 bucket_order=0
[    1.297706] zbud: loaded
[    1.311146] squashfs: version 4.0 (2009/01/31) Phillip Lougher
[    1.322621] fuse init (API version 7.26)
[    1.346084] Key type asymmetric registered
[    1.348243] Asymmetric key parser 'x509' registered
[    1.350984] Block layer SCSI generic (bsg) driver version 0.4 loaded (major 246)
[    1.355236] io scheduler noop registered
[    1.357473] io scheduler deadline registered
[    1.359872] io scheduler cfq registered (default)
[    1.362939] ACPI: AC Adapter [AC] (on-line)
[    1.365445] input: Power Button as /devices/LNXSYSTM:00/LNXPWRBN:00/input/input0
[    1.369680] ACPI: Power Button [PWRF]
[    1.371830] input: Sleep Button as /devices/LNXSYSTM:00/LNXSLPBN:00/input/input1
[    1.375937] ACPI: Sleep Button [SLPF]
[    1.378627] ACPI: Battery Slot [BAT0] (battery present)
[    1.384084] Serial: 8250/16550 driver, 32 ports, IRQ sharing enabled
[    1.445249] 00:02: ttyS0 at I/O 0x3f8 (irq = 4, base_baud = 115200) is a 16550A
[    1.450056] Linux agpgart interface v0.103
[    1.453765] loop: module loaded
[    1.557040] scsi host0: ata_piix
[    1.557955] scsi host1: ata_piix
[    1.558696] ata1: PATA max UDMA/33 cmd 0x1f0 ctl 0x3f6 bmdma 0xd000 irq 14
[    1.559984] ata2: PATA max UDMA/33 cmd 0x170 ctl 0x376 bmdma 0xd008 irq 15
[    1.561387] libphy: Fixed MDIO Bus: probed
[    1.562251] tun: Universal TUN/TAP device driver, 1.6
[    1.563292] PPP generic driver version 2.4.2
[    1.564193] ehci_hcd: USB 2.0 'Enhanced' Host Controller (EHCI) Driver
[    1.565471] ehci-pci: EHCI PCI platform driver
[    1.566402] ehci-platform: EHCI generic platform driver
[    1.567396] ohci_hcd: USB 1.1 'Open' Host Controller (OHCI) Driver
[    1.568623] ohci-pci: OHCI PCI platform driver
[    1.574235] ohci-platform: OHCI generic platform driver
[    1.575462] uhci_hcd: USB Universal Host Controller Interface driver
[    1.577021] i8042: PNP: PS/2 Controller [PNP0303:PS2K,PNP0f03:PS2M] at 0x60,0x64 irq 1,12
[    1.579502] serio: i8042 KBD port at 0x60,0x64 irq 1
[    1.581906] serio: i8042 AUX port at 0x60,0x64 irq 12
[    1.583167] mousedev: PS/2 mouse device common for all mice
[    1.584548] input: AT Translated Set 2 keyboard as /devices/platform/i8042/serio0/input/input2
[    1.644778] rtc_cmos rtc_cmos: rtc core: registered rtc_cmos as rtc0
[    1.665904] rtc_cmos rtc_cmos: alarms up to one day, 114 bytes nvram
[    1.681009] i2c /dev entries driver
[    1.682802] device-mapper: uevent: version 1.0.3
[    1.685763] device-mapper: ioctl: 4.37.0-ioctl (2017-09-20) initialised: dm-devel@redhat.com
[    1.697173] ledtrig-cpu: registered to indicate activity on CPUs
[    1.726493] NET: Registered protocol family 10
[    1.753496] Segment Routing with IPv6
[    1.763783] NET: Registered protocol family 17
[    1.765733] Key type dns_resolver registered
[    1.794384] mce: Using 0 MCE banks
[    1.795310] RAS: Correctable Errors collector initialized.
[    1.803978] sched_clock: Marking stable (1803886690, 0)->(2904531912, -1100645222)
[    1.842720] registered taskstats version 1
[    1.865189] Loading compiled-in X.509 certificates
[    1.876147] Loaded X.509 cert 'Build time autogenerated kernel key: f0020782f0d3a548186fb3f47aed88387a71e859'
[    1.924091] zswap: loaded using pool lzo/zbud
[    1.932629] Key type big_key registered
[    1.943996] Key type trusted registered
[    1.947627] Key type encrypted registered
[    1.957767] AppArmor: AppArmor sha1 policy hashing enabled
[    1.964774] ima: No TPM chip found, activating TPM-bypass! (rc=-19)
[    1.965928] ima: Allocated hash algorithm: sha1
[    1.966794] evm: HMAC attrs: 0x1
[    1.967679]   Magic number: 12:995:344
[    1.968491] tty tty61: hash matches
[    1.969403] rtc_cmos rtc_cmos: setting system clock to 2020-03-23 19:19:54 UTC (1584991194)
[    1.983881] BIOS EDD facility v0.16 2004-Jun-25, 0 devices found
[    1.993610] EDD information not available.
[    1.997819] Freeing unused kernel image memory: 2428K
[    2.020057] Write protecting the kernel read-only data: 20480k
[    2.065206] Freeing unused kernel image memory: 2008K
[    2.066541] Freeing unused kernel image memory: 1880K
[    2.164368] x86/mm: Checked W+X mappings: passed, no W+X pages found.
[    2.174912] x86/mm: Checking user space page tables
[    2.201176] x86/mm: Checked W+X mappings: passed, no W+X pages found.
Loading, please wait...
starting version 237
[    2.457640] e1000: Intel(R) PRO/1000 Network Driver - version 7.3.21-k8-NAPI
[    2.462624] e1000: Copyright (c) 1999-2006 Intel Corporation.
[    2.471943] Fusion MPT base driver 3.04.20
[    2.475655] Copyright (c) 1999-2008 LSI Corporation
[    2.487074] Fusion MPT SPI Host driver 3.04.20
[    2.515471] AVX2 version of gcm_enc/dec engaged.
[    2.518562] AES CTR mode by8 optimization enabled
[    2.690044] input: ImExPS/2 Generic Explorer Mouse as /devices/platform/i8042/serio1/input/input4
[    2.881558] e1000 0000:00:03.0 eth0: (PCI:33MHz:32-bit) 02:fa:82:eb:a2:e9
[    2.894323] e1000 0000:00:03.0 eth0: Intel(R) PRO/1000 Network Connection
[    2.896337] mptbase: ioc0: Initiating bringup
[    3.224109] ioc0: LSI53C1030 A0: Capabilities={Initiator}
[    4.175480] scsi host2: ioc0: LSI53C1030 A0, FwRev=00000000h, Ports=1, MaxQ=256, IRQ=20
[    4.590768] scsi 2:0:0:0: Direct-Access     VBOX     HARDDISK         1.0  PQ: 0 ANSI: 5
[    4.637941] scsi target2:0:0: Beginning Domain Validation
[    4.704238] scsi target2:0:0: Domain Validation skipping write tests
[    4.706649] scsi target2:0:0: Ending Domain Validation
[    4.707736] scsi target2:0:0: asynchronous
[    4.708919] scsi 2:0:1:0: Direct-Access     VBOX     HARDDISK         1.0  PQ: 0 ANSI: 5
[    4.953251] scsi target2:0:1: Beginning Domain Validation
[    4.954646] random: fast init done
[    4.955540] scsi target2:0:1: Domain Validation skipping write tests
[    4.967426] scsi target2:0:1: Ending Domain Validation
[    4.968435] scsi target2:0:1: asynchronous
[    4.973584] sd 2:0:0:0: Attached scsi generic sg0 type 0
[    4.973879] random: systemd-udevd: uninitialized urandom read (16 bytes read)
[    4.984373] sd 2:0:1:0: [sdb] 20480 512-byte logical blocks: (10.5 MB/10.0 MiB)
[    4.987649] sd 2:0:1:0: [sdb] Write Protect is off
[    4.988791] sd 2:0:1:0: Attached scsi generic sg1 type 0
[    4.989894] sd 2:0:1:0: [sdb] Incomplete mode parameter data
[    4.990946] sd 2:0:1:0: [sdb] Assuming drive cache: write through
[    4.991529] e1000 0000:00:08.0 eth1: (PCI:33MHz:32-bit) 08:00:27:c4:65:71
[    4.993041] e1000 0000:00:08.0 eth1: Intel(R) PRO/1000 Network Connection
[    4.993695] sd 2:0:1:0: [sdb] Attached SCSI disk
[    4.994162] sd 2:0:0:0: [sda] 62914560 512-byte logical blocks: (32.2 GB/30.0 GiB)
[    5.017723] random: systemd-udevd: uninitialized urandom read (16 bytes read)
[    5.018950] random: systemd-udevd: uninitialized urandom read (16 bytes read)
[    5.021459] e1000 0000:00:03.0 enp0s3: renamed from eth0
[    5.024411] sd 2:0:0:0: [sda] Write Protect is off
[    5.025583] sd 2:0:0:0: [sda] Incomplete mode parameter data
[    5.026756] sd 2:0:0:0: [sda] Assuming drive cache: write through
[    5.032369]  sda: sda1
[    5.035730] sd 2:0:0:0: [sda] Attached SCSI disk
[    5.037352] e1000 0000:00:08.0 enp0s8: renamed from eth1
Begin: Loading essential drivers ... [    6.633733] raid6: sse2x1   gen()  9684 MB/s
[    6.683242] raid6: sse2x1   xor()  7306 MB/s
[    6.733264] raid6: sse2x2   gen() 13050 MB/s
[    6.783214] raid6: sse2x2   xor()  7220 MB/s
[    6.833239] raid6: sse2x4   gen() 13464 MB/s
[    6.883819] raid6: sse2x4   xor()  8852 MB/s
[    6.980251] raid6: avx2x1   gen() 18958 MB/s
[    7.028366] raid6: avx2x1   xor() 13286 MB/s
[    7.083218] raid6: avx2x2   gen() 22612 MB/s
[    7.133344] raid6: avx2x2   xor() 11616 MB/s
[    7.243234] raid6: avx2x4   gen() 22029 MB/s
[    7.293434] raid6: avx2x4   xor() 15936 MB/s
[    7.313889] raid6: using algorithm avx2x2 gen() 22612 MB/s
[    7.315094] raid6: .... xor() 11616 MB/s, rmw enabled
[    7.318014] raid6: using avx2x2 recovery algorithm
[    7.342133] xor: automatically using best checksumming function   avx       
[    7.345717] async_tx: api initialized (async)
done.
Begin: Running /scripts/init-premount ... done.
Begin: Mounting root file system ... Begin: Running /scripts/local-top ... done.
Begin: Running /scripts/local-premount ... [    7.428552] Btrfs loaded, crc32c=crc32c-intel
Scanning for Btrfs filesystems
done.
Warning: fsck not present, so skipping root file system
[    7.469336] EXT4-fs (sda1): mounted filesystem with ordered data mode. Opts: (null)
done.
Begin: Running /scripts/local-bottom ... done.
Begin: Running /scripts/init-bottom ... done.
[    7.642430] ip_tables: (C) 2000-2006 Netfilter Core Team
[    7.659186] systemd[1]: systemd 237 running in system mode. (+PAM +AUDIT +SELINUX +IMA +APPARMOR +SMACK +SYSVINIT +UTMP +LIBCRYPTSETUP +GCRYPT +GNUTLS +ACL +XZ +LZ4 +SECCOMP +BLKID +ELFUTILS +KMOD -IDN2 +IDN -PCRE2 default-hierarchy=hybrid)
[    8.192889] systemd[1]: Detected virtualization oracle.
[    8.210041] systemd[1]: Detected architecture x86-64.

Welcome to [1mUbuntu 18.04.4 LTS[0m!

[    8.281257] systemd[1]: Set hostname to <ubuntu-bionic>.
[    8.545564] systemd[1]: Set up automount Arbitrary Executable File Formats File System Automount Point.
[[0;32m  OK  [0m] Set up automount Arbitrary Executabâ€¦rmats File System Automount Point.
[    8.555211] systemd[1]: Reached target System Time Synchronized.
[[0;32m  OK  [0m] Reached target System Time Synchronized.
[    8.573300] systemd[1]: Reached target User and Group Name Lookups.
[[0;32m  OK  [0m] Reached target User and Group Name Lookups.
[    8.593844] systemd[1]: Created slice User and Session Slice.
[[0;32m  OK  [0m] Created slice User and Session Slice.
[    8.601870] systemd[1]: Created slice System Slice.
[[0;32m  OK  [0m] Created slice System Slice.
[    8.608011] systemd[1]: Reached target Slices.
[[0;32m  OK  [0m] Reached target Slices.
[[0;32m  OK  [0m] Listening on /dev/initctl Compatibility Named Pipe.
[[0;32m  OK  [0m] Listening on udev Control Socket.
[[0;32m  OK  [0m] Listening on udev Kernel Socket.
[[0;32m  OK  [0m] Listening on Syslog Socket.
[[0;32m  OK  [0m] Listening on LVM2 poll daemon socket.
[[0;32m  OK  [0m] Listening on LVM2 metadata daemon socket.
[[0;32m  OK  [0m] Listening on Journal Socket.
         Starting Uncomplicated firewall...
         Mounting Kernel Debug File System...
         Starting Load Kernel Modules...
         Starting udev Coldplug all Devices...
[[0;32m  OK  [0m] Created slice system-serial\x2dgetty.slice.
[[0;32m  OK  [0m] Listening on Network Service Netlink Socket.
         Mounting POSIX Message Queue File System...
         Mounting Huge Pages File System...
[[0;32m  OK  [0m] Listening on Journal Audit Socket.
         Startin[    8.683927] Loading iSCSI transport class v2.0-870.
g Create list of required stâ€¦ce nodes for the current kernel...
[[0;32m  OK  [0m] Listening on Device-mapper event daemon FIFOs.
         Starting Monitoring of LVM2 mirrorsâ€¦ng dmeventd or progress polling...
         Starting Remount Root and Kernel File Systems...
[[0;32m  OK  [0m] Listening on Jou[    8.692863] iscsi: registered transport (tcp)
rnal Socket (/dev/log).
         Starting Journal Service...
[[0;32m  OK  [0m] Reached target Swap.
[[0;32m  OK  [0m] Started Forward Password Requests to Wall Directory Watch.
         Starting Set the console keyboard layout...
[[0;32m  OK  [0m] Started Uncomplicated firewall.
[[0;32m  OK  [0m] Mounted Huge Pages File System.
[[0;32m  OK  [0m] Started Create list of required staâ€¦vice nodes for the current kernel.
[[0;32m  OK  [0m] Mounted Kernel Debug File System.
[[0;32m  OK  [0m] Mounted POSIX Message Queue File System.
[[0;32m  OK  [0m] Started LVM2 metadata daemon.
         Starting Create [    8.763210] iscsi: registered transport (iser)
Static Device Nodes in /dev...
[[0;32m  OK  [0m] Started udev Coldplug all Devices.
[[0;32m  OK  [0m] Started Load Kernel Modules.
         Mounting Kernel Configuration File System...
         Starting Apply Kernel Variables...
         Mounting FUSE Control File System...
[[0;32m  OK  [0m] Mounted Kernel Configuration File System.
[[0;32m  OK  [0m] Started Journal Service.
[[0;32m  OK  [0m] Started Create Static Device Nodes in /dev.
[[0;32m  OK  [0m] Mounted FUSE Control File System.
[    8.831403] EXT4-fs (sda1): re-mounted. Opts: (null)
[[0;32m  OK  [0m] Started Remount Root and Kernel File Systems.
         Starting Load/Save Random Seed...
         Starting udev Kernel Device Manager...
         Starting Flush Journal to Persistent Storage...
[[0;32m  OK  [0m] Started Monitoring of LVM2 mirrors,â€¦sing dmeventd or progress polling.
[[0;32m  OK  [0m] Started Load/Save Random Seed.
[[0;32m  OK  [0m] Started Apply Kernel Variables.
[[0;32m  OK  [0m] Started udev Kernel Device Manager.
[[0;32m  OK  [0m] Started Set the console keyboard layout.
[[0;32m  OK  [0m] Started Flush Journal to Persistent Storage.
[[0;32m  OK  [0m] Reached target Local File Systems (Pre).
[[0;32m  OK  [0m] Reached target Local File Systems.
         Starting Set console font and keymap...
         Starting Create Volatile Files and Directories...
         Starting ebtables ruleset management...
         Starting Tell Plymouth To Write Out Runtime Data...
         Starting AppArmor initialization...
[[0;32m  OK  [0m] Started Dispatch Password Requests to Console Directory Watch.
[[0;32m  OK  [0m] Reached target Local Encrypted Volumes.
[[0;32m  OK  [0m] Started Set console font and keymap.
[[0;32m  OK  [0m] Found device /dev/ttyS0.
[[0;32m  OK  [0m] Started Tell Plymouth To Write Out Runtime Data.
[[0;32m  OK  [0m] Started Create Volatile Files and Directories.
         Starting Update UTMP about System Boot/Shutdown...
[[0;32m  OK  [0m] Started Update UTMP about System Boot/Shutdown.
[[0;32m  OK  [0m] Started ebtables ruleset management.
[[0;32m  OK  [0m] Listening on Load/Save RF Kill Switch Status /dev/rfkill Watch.
[[0;32m  OK  [0m] Started AppArmor initialization.
         Starting Initial cloud-init job (pre-networking)...
[   10.609036] cloud-init[563]: Cloud-init v. 19.4-33-gbb4131a2-0ubuntu1~18.04.1 running 'init-local' at Mon, 23 Mar 2020 19:20:02 +0000. Up 10.38 seconds.
[[0;32m  OK  [0m] Started Initial cloud-init job (pre-networking).
[[0;32m  OK  [0m] Reached target Network (Pre).
         Starting Network Service...
[[0;32m  OK  [0m] Started Network Service.
         Starting Wait for Network to be Configured...
         Starting Network Name Resolution...
[[0;32m  OK  [0m] Started Network Name Resolution.
[[0;32m  OK  [0m] Reached target Host and Network Name Lookups.
[[0;32m  OK  [0m] Reached target Network.
[[0;32m  OK  [0m] Started Wait for Network to be Configured.
         Starting Initial cloud-init job (metadata service crawler)...
[   13.258450] cloud-init[658]: Cloud-init v. 19.4-33-gbb4131a2-0ubuntu1~18.04.1 running 'init' at Mon, 23 Mar 2020 19:20:05 +0000. Up 13.11 seconds.
[   13.309285] cloud-init[658]: ci-info: ++++++++++++++++++++++++++++++++++++++Net device info+++++++++++++++++++++++++++++++++++++++
[   13.310772] cloud-init[658]: ci-info: +--------+------+-----------------------------+---------------+--------+-------------------+
[   13.344226] cloud-init[658]: ci-info: | Device |  Up  |           Address           |      Mask     | Scope  |     Hw-Address    |
[   13.376346] cloud-init[658]: ci-info: +--------+------+-----------------------------+---------------+--------+-------------------+
[   13.472317] cloud-init[658]: ci-info: | enp0s3 | True |          10.0.2.15          | 255.255.255.0 | global | 02:fa:82:eb:a2:e9 |
[   13.473742] cloud-init[658]: ci-info: | enp0s3 | True |  fe80::fa:82ff:feeb:a2e9/64 |       .       |  link  | 02:fa:82:eb:a2:e9 |
[   13.475001] cloud-init[658]: ci-info: | enp0s8 | True |        192.168.33.10        | 255.255.255.0 | global | 08:00:27:c4:65:71 |
[   13.476225] cloud-init[658]: ci-info: | enp0s8 | True | fe80::a00:27ff:fec4:6571/64 |       .       |  link  | 08:00:27:c4:65:71 |
[   13.477764] cloud-init[658]: ci-info: |   lo   | True |          127.0.0.1          |   255.0.0.0   |  host  |         .         |
[   13.479450] cloud-init[658]: ci-info: |   lo   | True |           ::1/128           |       .       |  host  |         .         |
[   13.481188] cloud-init[658]: ci-info: +--------+------+-----------------------------+---------------+--------+-------------------+
[   13.481283] cloud-init[658]: ci-info: +++++++++++++++++++++++++++++Route IPv4 info+++++++++++++++++++++++++++++
[   13.481670] cloud-init[658]: ci-info: +-------+--------------+----------+-----------------+-----------+-------+
[[0;32m  OK  [0m] Started Initial cloud-init job (metadata service crawler).
[[0;32m  OK  [0m] Reached target System Initialization.
[   13.481821] cloud-init[658]: ci-info: | Route | Destination  | Gateway  |     Genmask     | Interface | Flags |
[   13.540614] cloud-init[658]: ci-info: +-------+--------------+----------+-----------------+-----------+-------+
[[0;32m  OK  [0m] Started Daily apt download activities.
[   13.553240] cloud-init         Starting Socket activation for snappy daemon.
[[0;32m  OK  [0m] Listening on D-Bus System Message Bus Socket.
[658]: ci-info: |   0   |   0.0.0.0    | 10.0.2.2 |     0.0.0.0     |   enp0s3  |   UG  |
[   13.560262] cloud-init[658]: ci-info: |   1   |   10.0.2.0   | 0.0.0.0  |  255.255.255.0  |   enp0s3  |   U   |
[   13.560336] cloud-init[658]: ci-info: |   2   |   10.0.2.2   | 0.0.0.0  | 255.255.255.255 |   enp0s3  |   UH  |
[   13.560396] cloud-init[658]: ci-info: |   3   | 192.168.33.0 | 0.0.0.0  |  255.255.255.0  |   enp0s8  |   U   |
[   13.560448] cloud-init[658]: ci-info: +-------+--------------+----------+-----------------+-----------+-------+
[   13.560554] cloud-init[658]: ci-info: +++++++++++++++++++Route IPv6 info+++++++++++++++++++
[   13.560616] cloud-init[658]: ci-info: +-------+-------------+---------+-----------+-------+
[   13.560662] cloud-init[658]: ci-info: | Route | Destination | Gateway | Interface | Flags |
[   13.560697] cloud-init[658]: ci-info: +-------+-------------+---------+-----------+-------+
[   13.560730] cloud-init[658]: ci-info: |   1   |  fe80::/64  |    ::   |   enp0s8  |   U   |
[   13.560762] cloud-init[658]: ci-info: |   2   |  fe80::/64  |    ::   |   enp0s3  |   U   |
[   13.560793] cloud-init[658]: ci-info: |   4   |    local    |    ::   |   enp0s3  |   U   |
[   13.560825] cloud-init[658]: ci-info: |   5   |    local    |    ::   |   enp0s8  |   U   |
[   13.560881] cloud-init[658]: ci-info: |   6   |   ff00::/8  |    ::   |   enp0s8  |   U   |
[   13.560937] cloud-init[658]: ci-info: |   7   |   ff00::/8  |    ::   |   enp0s3  |   U   |
[   13.560992] cloud-init[658]: ci-info: +-------+-------------+---------+-----------+-------+
         Starting Docker Socket for the API.
         Starting LXD - unix socket.
[[0;32m  OK  [0m] Started ACPI Events Check.
[[0;32m  OK  [0m] Listening on UUID daemon activation socket.
[[0;32m  OK  [0m] Listening on Open-iSCSI iscsid Socket.
[[0;32m  OK  [0m] Started Daily Cleanup of Temporary Directories.
[[0;32m  OK  [0m] Reached target Paths.
[[0;32m  OK  [0m] Started Discard unused blocks once a week.
[[0;32m  OK  [0m] Started Daily apt upgrade and clean activities.
[[0;32m  OK  [0m] Started Message of the Day.
[[0;32m  OK  [0m] Reached target Timers.
[[0;32m  OK  [0m] Listening on ACPID Listen Socket.
[[0;32m  OK  [0m] Reached target Cloud-config availability.
[[0;32m  OK  [0m] Reached target Network is Online.
         Starting Availability of block devices...
[[0;32m  OK  [0m] Reached target Remote File Systems (Pre).
[[0;32m  OK  [0m] Reached target Remote File Systems.
[[0;32m  OK  [0m] Listening on Socket activation for snappy daemon.
[[0;32m  OK  [0m] Listening on Docker Socket for the API.
[[0;32m  OK  [0m] Listening on LXD - unix socket.
[[0;32m  OK  [0m] Started Availability of block devices.
[[0;32m  OK  [0m] Reached target Sockets.
[[0;32m  OK  [0m] Reached target Basic System.
         Starting Accounts Service...
         Starting Login Service...
         Starting MySQL Community Server...
[[0;32m  OK  [0m] Started FUSE filesystem for LXC.
[[0;32m  OK  [0m] Started Deferred execution scheduler.
         Starting LSB: automatic crash report generation...
         Starting System Logging Service...
[[0;32m  OK  [0m] Started irqbalance daemon.
         Starting OpenBSD Secure Shell server...
         Starting Virtualbox guest utils...
         Starting Permit User Sessions...
[[0;32m  OK  [0m] Started Regular background program processing daemon.
         Starting Dispatcher daemon for systemd-networkd...
         Starting LSB: Record successful boot for GRUB...
         Starting LXD - container startup/shutdown...
[[0;32m  OK  [0m] Started D-Bus System Message Bus.
[[0;32m  OK  [0m] Started Login Service.
[[0;32m  OK  [0m] Started Unattended Upgrades Shutdown.
         Starting containerd container runtime...
         Starting LSB: Start Jenkins at boot time...
         Starting LSB: Linux init script for swapspace...
         Starting Snappy daemon...
[[0;32m  OK  [0m] Started System Logging Service.
[[0;32m  OK  [0m] Started Permit User Sessions.
[[0;32m  OK  [0m] Started LXD - container startup/shutdown.
[[0;32m  OK  [0m] Started containerd container runtime.
[[0;32m  OK  [0m] Started OpenBSD Secure Shell server.
         Starting Authorization Manager...
         Starting Docker Application Container Engine...
         Starting Terminate Plymouth Boot Screen...
         Starting Hold until boot process finishes up...
[[0;32m  OK  [0m] Started Hold until boot process finishes up.
[[0;32m  OK  [0m] Started LSB: Linux init script for swapspace.
[[0;32m  OK  [0m] Started Terminate Plymouth Boot Screen.
[[0;32m  OK  [0m] Started Serial Getty on ttyS0.
         Starting Set console scheme...
[[0;32m  OK  [0m] Started LSB: automatic crash report generation.
[[0;32m  OK  [0m] Started Set console scheme.
[[0;32m  OK  [0m] Created slice system-getty.slice.
[[0;32m  OK  [0m] Started Getty on tty1.
[[0;32m  OK  [0m] Reached target Login Prompts.
[[0;32m  OK  [0m] Started Authorization Manager.
[[0;32m  OK  [0m] Started Accounts Service.
[[0;32m  OK  [0m] Started LSB: Record successful boot for GRUB.
[[0;32m  OK  [0m] Started Virtualbox guest utils.
[[0;32m  OK  [0m] Created slice User Slice of vagrant.
         Starting User Manager for UID 1000...
[[0;32m  OK  [0m] Started Session 1 of user vagrant.
[[0;32m  OK  [0m] Started Dispatcher daemon for systemd-networkd.
[[0;32m  OK  [0m] Started User Manager for UID 1000.
[[0;32m  OK  [0m] Started Snappy daemon.
         Starting Wait until snapd is fully seeded...
[[0;32m  OK  [0m] Started Wait until snapd is fully seeded.
         Starting Apply the settings specified in cloud-config...
[[0;32m  OK  [0m] Started MySQL Community Server.
[   17.634941] cloud-init[1271]: Cloud-init v. 19.4-33-gbb4131a2-0ubuntu1~18.04.1 running 'modules:config' at Mon, 23 Mar 2020 19:20:10 +0000. Up 17.54 seconds.
[[0;32m  OK  [0m] Started Apply the settings specified in cloud-config.
[[0;32m  OK  [0m] Started Docker Application Container Engine.

Ubuntu 18.04.4 LTS ubuntu-bionic ttyS0

ubuntu-bionic login: [   22.667654] cloud-init[1873]: Cloud-init v. 19.4-33-gbb4131a2-0ubuntu1~18.04.1 running 'modules:final' at Mon, 23 Mar 2020 19:20:15 +0000. Up 22.50 seconds.
[   22.667897] cloud-init[1873]: Cloud-init v. 19.4-33-gbb4131a2-0ubuntu1~18.04.1 finished at Mon, 23 Mar 2020 19:20:15 +0000. Datasource DataSourceNoCloud [seed=/dev/sdb][dsmode=net].  Up 22.65 seconds
[[0;32m  OK  [0m] Stopped target Timers.
         Stopping Authorization Manager...
[[0;32m  OK  [0m] Stopped Discard unused blocks once a week.
         Stopping Session c1 of user jenkins.
[[0;32m  OK  [0m] Stopped Daily Cleanup of Temporary Directories.
         Stopping Availability of block devices...
         Stopping User Manager for UID 112...
[[0;32m  OK  [0m] Closed Load/Save RF Kill Switch Status /dev/rfkill Watch.
[[0;32m  OK  [0m] Stopped Message of the Day.
[[0;32m  OK  [0m] Stopped target Graphical Interface.
         Stopping Accounts Service...
         Stopping Session 4 of user vagrant.
[[0;32m  OK  [0m] Stopped Daily apt upgrade and clean activities.
[[0;32m  OK  [0m] Stopped Daily apt download activities.
[[0;32m  OK  [0m] Stopped target System Time Synchronized.
[[0;32m  OK  [0m] Stopped target Host and Network Name Lookups.
[[0;32m  OK  [0m] Stopped target Cloud-init target.
[[0;32m  OK  [0m] Stopped Execute cloud user/final scripts.
[[0;32m  OK  [0m] Stopped Apply the settings specified in cloud-config.
[[0;32m  OK  [0m] Stopped target Cloud-config availability.
[[0;32m  OK  [0m] Stopped target Multi-User System.
         Stopping System Logging Service...
         Stopping Docker Application Container Engine...
         Stopping LSB: Start Jenkins at boot time...
         Stopping LSB: Linux init script for swapspace...
[[0;32m  OK  [0m] Stopped Wait until snapd is fully seeded.
         Stopping LXD - container startup/shutdown...
         Stopping FUSE filesystem for LXC...
[[0;32m  OK  [0m] Stopped target Login Prompts.
         Stopping Serial Getty on ttyS0...
         Stopping Getty on tty1...
         Stopping Regular background program processing daemon...
         Stopping Unattended Upgrades Shutdown...
         S          Stopping D-Bus System Message Bus...
         Stopping LSB: automatic crash report generation...
         Stopping LSB: Record successful boot for GRUB...
         Stopping User Manager for UID 1000...
         Stopping Virtualbox guest utils...
         Stopping irqbalance daemon...
[[0;32m  OK  [0m] Unmounted /var/lib/lxcfs.
[[0;32m  OK  [0m] Stopped Accounts Service.
[[0;32m  OK  [0m] Stopped Deferred execution scheduler.
[[0;32m  OK  [0m] Stopped System Logging Service.
[[0;32m  OK  [0m] Stopped irqbalance daemon.
[[0;32m  OK  [0m] Stopped Regular background program processing daemon.
[[0;32m  OK  [0m] Stopped Dispatcher daemon for systemd-networkd.
[[0;32m  OK  [0m] Stopped Unattended Upgrades Shutdown.
[[0;32m  OK  [0m] Stopped OpenBSD Secure Shell server.
[[0;32m  OK  [0m] Stopped Authorization Manager.
[[0;32m  OK  [0m] Stopped Docker Application Container Engine.
[[0;32m  OK  [0m] Stopped Serial Getty on ttyS0.
[[0;32m  OK  [0m] Stopped Getty on tty1.
[[0;32m  OK  [0m] Stopped User Manager for UID 112.
[[0;32m  OK  [0m] Stopped User Manager for UID 1000.
[[0;32m  OK  [0m] Stopped Availability of block devices.
[[0;32m  OK  [0m] Stopped D-Bus System Message Bus.
[[0;32m  OK  [0m] Stopped FUSE filesystem for LXC.
[[0;32m  OK  [0m] Stopped Session c1 of user jenkins.
[[0;32m  OK  [0m] Stopped Session 4 of user vagrant.
[[0;32m  OK  [0m] Stopped LSB: Linux init script for swapspace.
[[0;32m  OK  [0m] Stopped LXD - container startup/shutdown.
[[0;32m  OK  [0m] Removed slice User Slice of vagrant.
[[0;32m  OK  [0m] Removed slice User Slice of jenkins.
[[0;32m  OK  [0m] Removed slice system-getty.slice.
         Stopping Permit User Sessions...
[[0;32m  OK  [0m] Removed slice system-serial\x2dgetty.slice.
         Stopping containerd container runtime...
         Stopping Login Service...
[[0;32m  OK  [0m] Stopped LSB: Start Jenkins at boot time.
[[0;32m  OK  [0m] Stopped containerd container runtime.
[[0;32m  OK  [0m] Stopped LSB: automatic crash report generation.
[[0;32m  OK  [0m] Stopped Login Service.
[[0;32m  OK  [0m] Stopped LSB: Record successful boot for GRUB.
[[0;32m  OK  [0m] Stopped Virtualbox guest utils.
[[0;32m  OK  [0m] Stopped Permit User Sessions.
[[0;32m  OK  [0m] Stopped target User and Group Name Lookups.
[[0;32m  OK  [0m] Stopped target Remote File Systems.
[[0;32m  OK  [0m] Stopped target Remote File Systems (Pre).
[[0;32m  OK  [0m] Stopped target Network is Online.
[[0;32m  OK  [0m] Stopped MySQL Community Server.
[[0;32m  OK  [0m] Stopped target Network.
         Stopping Network Name Resolution...
[[0;32m  OK  [0m] Stopped target Basic System.
[[0;32m  OK  [0m] Stopped target Paths.
[[0;32m  OK  [0m] Stopped ACPI Events Check.
[[0;32m  OK  [0m] Stopped target Sockets.
[[0;32m  OK  [0m] Closed Docker Socket for the API.
[[0;32m  OK  [0m] Closed Syslog Socket.
[[0;32m  OK  [0m] Closed Open-iSCSI iscsid Socket.
[[0;32m  OK  [0m] Closed D-Bus System Message Bus Socket.
[[0;32m  OK  [0m] Closed LXD - unix socket.
[[0;32m  OK  [0m] Closed UUID daemon activation socket.
[[0;32m  OK  [0m] Closed Socket activation for snappy daemon.
[[0;32m  OK  [0m] Closed ACPID Listen Socket.
[[0;32m  OK  [0m] Stopped target Slices.
[[0;32m  OK  [0m] Removed slice User and Session Slice.
[[0;32m  OK  [0m] Stopped target System Initialization.
[[0;32m  OK  [0m] Stopped Initial cloud-init job (metadata service crawler).
[[0;32m  OK  [0m] Stopped target Local Encrypted Volumes.
[[0;32m  OK  [0m] Stopped Forward Password Requests to Wall Directory Watch.
[[0;32m  OK  [0m] Stopped Dispatch Password Requests to Console Directory Watch.
         Stopping Update UTMP about System Boot/Shutdown...
         Stopping Load/Save Random Seed...
[[0;32m  OK  [0m] Stopped Network Name Resolution.
[[0;32m  OK  [0m] Stopped Load/Save Random Seed.
         Stopping Network Service...
[[0;32m  OK  [0m] Stopped Update UTMP about System Boot/Shutdown.
[[0;32m  OK  [0m] Stopped Create Volatile Files and Directories.
[[0;32m  OK  [0m] Stopped target Local File Systems.
         Unmounting /run/user/1000...
         Unmounting /vagrant...
         Unmounting /configs...
         Unmounting /run/user/112...
[[0;32m  OK  [0m] Stopped Network Service.
[[0;32m  OK  [0m] Unmounted /run/user/1000.
[[0;32m  OK  [0m] Unmounted /vagrant.
[[0;32m  OK  [0m] Unmounted /configs.
[[0;32m  OK  [0m] Unmounted /run/user/112.
[[0;32m  OK  [0m] Reached target Unmount All Filesystems.
[[0;32m  OK  [0m] Stopped target Local File Systems (Pre).
[[0;32m  OK  [0m] Stopped Create Static Device Nodes in /dev.
         Stopping Monitoring of LVM2 mirrorsâ€¦ng dmeventd or progress polling...
[[0;32m  OK  [0m] Stopped target Swap.
[[0;32m  OK  [0m] Stopped target Network (Pre).
[[0;32m  OK  [0m] Stopped Initial cloud-init job (pre-networking).
[[0;32m  OK  [0m] Stopped Remount Root and Kernel File Systems.
[[0;32m  OK  [0m] Stopped Apply Kernel Variables.
[[0;32m  OK  [0m] Stopped Load Kernel Modules.
[[0;32m  OK  [0m] Reached target Shutdown.
[[0;32m  OK  [0m] Reached target Final Step.
         Starting Power-Off...
[[0;32m  OK  [0m] Stopped Monitoring of LVM2 mirrors,â€¦sing dmeventd or progress polling.
         Stopping LVM2 metadata daemon...
[[0;32m  OK  [0m] Stopped LVM2 metadata daemon.
[  393.270979] reboot: Power down
